
> esbuild@0.21.5 postinstall d:\Git\OrderAPP\node_modules\esbuild
> node install.js

npm notice created a lockfile as package-lock.json. You should commit this file.
npm WARN notsup Unsupported engine for @supabase/supabase-js@2.117.2: wanted: {"node":">=22.0.0"} (current: {"node":"16.15.0","npm":"6.14.8"})
npm WARN notsup Not compatible with your version of node/npm: @supabase/supabase-js@2.117.2
npm WARN notsup Unsupported engine for @supabase/auth-js@2.117.2: wanted: {"node":">=22.0.0"} (current: {"node":"16.15.0","npm":"6.14.8"})
npm WARN notsup Not compatible with your version of node/npm: @supabase/auth-js@2.117.2
npm WARN notsup Unsupported engine for @supabase/realtime-js@2.117.2: wanted: {"node":">=22.0.0"} (current: {"node":"16.15.0","npm":"6.14.8"})
npm WARN notsup Not compatible with your version of node/npm: @supabase/realtime-js@2.117.2
npm WARN notsup Unsupported engine for @supabase/functions-js@2.117.2: wanted: {"node":">=22.0.0"} (current: {"node":"16.15.0","npm":"6.14.8"})
npm WARN notsup Not compatible with your version of node/npm: @supabase/functions-js@2.117.2
npm WARN notsup Unsupported engine for @supabase/storage-js@2.117.2: wanted: {"node":">=22.0.0"} (current: {"node":"16.15.0","npm":"6.14.8"})
npm WARN notsup Not compatible with your version of node/npm: @supabase/storage-js@2.117.2
npm WARN notsup Unsupported engine for @supabase/postgrest-js@2.117.2: wanted: {"node":">=22.0.0"} (current: {"node":"16.15.0","npm":"6.14.8"})
npm WARN notsup Not compatible with your version of node/npm: @supabase/postgrest-js@2.117.2
npm WARN notsup Unsupported engine for iceberg-js@0.8.1: wanted: {"node":">=20.0.0"} (current: {"node":"16.15.0","npm":"6.14.8"})
npm WARN notsup Not compatible with your version of node/npm: iceberg-js@0.8.1
npm WARN notsup Unsupported engine for vite@5.4.21: wanted: {"node":"^18.0.0 || >=20.0.0"} (current: {"node":"16.15.0","npm":"6.14.8"})
npm WARN notsup Not compatible with your version of node/npm: vite@5.4.21
npm WARN notsup Unsupported engine for node-releases@2.0.57: wanted: {"node":">=18"} (current: {"node":"16.15.0","npm":"6.14.8"})
npm WARN notsup Not compatible with your version of node/npm: node-releases@2.0.57
npm WARN notsup Unsupported engine for postcss-load-config@6.0.1: wanted: {"node":">= 18"} (current: {"node":"16.15.0","npm":"6.14.8"})
npm WARN notsup Not compatible with your version of node/npm: postcss-load-config@6.0.1
npm WARN optional SKIPPING OPTIONAL DEPENDENCY: fsevents@~2.3.2 (node_modules\chokidar\node_modules\fsevents):
npm WARN notsup SKIPPING OPTIONAL DEPENDENCY: Unsupported platform for fsevents@2.3.3: wanted {"os":"darwin","arch":"any"} (current: {"os":"win32","arch":"x64"})
npm WARN notsup Unsupported engine for rollup@4.64.0: wanted: {"npm":">=8.0.0","node":">=18.0.0"} (current: {"node":"16.15.0","npm":"6.14.8"})
npm WARN notsup Not compatible with your version of node/npm: rollup@4.64.0
npm WARN optional SKIPPING OPTIONAL DEPENDENCY: @esbuild/aix-ppc64@0.21.5 (node_modules\esbuild\node_modules\@esbuild\aix-ppc64):
npm WARN notsup SKIPPING OPTIONAL DEPENDENCY: Unsupported platform for @esbuild/aix-ppc64@0.21.5: wanted {"os":"aix","arch":"ppc64"} (current: {"os":"win32","arch":"x64"})
npm WARN optional SKIPPING OPTIONAL DEPENDENCY: @esbuild/android-arm64@0.21.5 (node_modules\esbuild\node_modules\@esbuild\android-arm64):
npm WARN notsup SKIPPING OPTIONAL DEPENDENCY: Unsupported platform for @esbuild/android-arm64@0.21.5: wanted {"os":"android","arch":"arm64"} (current: {"os":"win32","arch":"x64"})
npm WARN optional SKIPPING OPTIONAL DEPENDENCY: @esbuild/android-arm@0.21.5 (node_modules\esbuild\node_modules\@esbuild\android-arm):
npm WARN notsup SKIPPING OPTIONAL DEPENDENCY: Unsupported platform for @esbuild/android-arm@0.21.5: wanted {"os":"android","arch":"arm"} (current: {"os":"win32","arch":"x64"})
npm WARN optional SKIPPING OPTIONAL DEPENDENCY: @esbuild/darwin-arm64@0.21.5 (node_modules\esbuild\node_modules\@esbuild\darwin-arm64):
npm WARN notsup SKIPPING OPTIONAL DEPENDENCY: Unsupported platform for @esbuild/darwin-arm64@0.21.5: wanted {"os":"darwin","arch":"arm64"} (current: {"os":"win32","arch":"x64"})
npm WARN optional SKIPPING OPTIONAL DEPENDENCY: @esbuild/android-x64@0.21.5 (node_modules\esbuild\node_modules\@esbuild\android-x64):
npm WARN notsup SKIPPING OPTIONAL DEPENDENCY: Unsupported platform for @esbuild/android-x64@0.21.5: wanted {"os":"android","arch":"x64"} (current: {"os":"win32","arch":"x64"})
npm WARN optional SKIPPING OPTIONAL DEPENDENCY: @esbuild/darwin-x64@0.21.5 (node_modules\esbuild\node_modules\@esbuild\darwin-x64):
npm WARN notsup SKIPPING OPTIONAL DEPENDENCY: Unsupported platform for @esbuild/darwin-x64@0.21.5: wanted {"os":"darwin","arch":"x64"} (current: {"os":"win32","arch":"x64"})
npm WARN optional SKIPPING OPTIONAL DEPENDENCY: @esbuild/linux-arm@0.21.5 (node_modules\esbuild\node_modules\@esbuild\linux-arm):
npm WARN notsup SKIPPING OPTIONAL DEPENDENCY: Unsupported platform for @esbuild/linux-arm@0.21.5: wanted {"os":"linux","arch":"arm"} (current: {"os":"win32","arch":"x64"})
npm WARN optional SKIPPING OPTIONAL DEPENDENCY: @esbuild/freebsd-arm64@0.21.5 (node_modules\esbuild\node_modules\@esbuild\freebsd-arm64):
npm WARN notsup SKIPPING OPTIONAL DEPENDENCY: Unsupported platform for @esbuild/freebsd-arm64@0.21.5: wanted {"os":"freebsd","arch":"arm64"} (current: {"os":"win32","arch":"x64"})
npm WARN optional SKIPPING OPTIONAL DEPENDENCY: @esbuild/freebsd-x64@0.21.5 (node_modules\esbuild\node_modules\@esbuild\freebsd-x64):
npm WARN notsup SKIPPING OPTIONAL DEPENDENCY: Unsupported platform for @esbuild/freebsd-x64@0.21.5: wanted {"os":"freebsd","arch":"x64"} (current: {"os":"win32","arch":"x64"})
npm WARN optional SKIPPING OPTIONAL DEPENDENCY: @esbuild/linux-arm64@0.21.5 (node_modules\esbuild\node_modules\@esbuild\linux-arm64):
npm WARN notsup SKIPPING OPTIONAL DEPENDENCY: Unsupported platform for @esbuild/linux-arm64@0.21.5: wanted {"os":"linux","arch":"arm64"} (current: {"os":"win32","arch":"x64"})
npm WARN optional SKIPPING OPTIONAL DEPENDENCY: @esbuild/linux-ia32@0.21.5 (node_modules\esbuild\node_modules\@esbuild\linux-ia32):
npm WARN notsup SKIPPING OPTIONAL DEPENDENCY: Unsupported platform for @esbuild/linux-ia32@0.21.5: wanted {"os":"linux","arch":"ia32"} (current: {"os":"win32","arch":"x64"})
npm WARN optional SKIPPING OPTIONAL DEPENDENCY: @esbuild/linux-ppc64@0.21.5 (node_modules\esbuild\node_modules\@esbuild\linux-ppc64):
npm WARN notsup SKIPPING OPTIONAL DEPENDENCY: Unsupported platform for @esbuild/linux-ppc64@0.21.5: wanted {"os":"linux","arch":"ppc64"} (current: {"os":"win32","arch":"x64"})
npm WARN optional SKIPPING OPTIONAL DEPENDENCY: @esbuild/linux-mips64el@0.21.5 (node_modules\esbuild\node_modules\@esbuild\linux-mips64el):
npm WARN notsup SKIPPING OPTIONAL DEPENDENCY: Unsupported platform for @esbuild/linux-mips64el@0.21.5: wanted {"os":"linux","arch":"mips64el"} (current: {"os":"win32","arch":"x64"})
npm WARN optional SKIPPING OPTIONAL DEPENDENCY: @esbuild/linux-x64@0.21.5 (node_modules\esbuild\node_modules\@esbuild\linux-x64):
npm WARN notsup SKIPPING OPTIONAL DEPENDENCY: Unsupported platform for @esbuild/linux-x64@0.21.5: wanted {"os":"linux","arch":"x64"} (current: {"os":"win32","arch":"x64"})
npm WARN optional SKIPPING OPTIONAL DEPENDENCY: @esbuild/linux-loong64@0.21.5 (node_modules\esbuild\node_modules\@esbuild\linux-loong64):
npm WARN notsup SKIPPING OPTIONAL DEPENDENCY: Unsupported platform for @esbuild/linux-loong64@0.21.5: wanted {"os":"linux","arch":"loong64"} (current: {"os":"win32","arch":"x64"})
npm WARN optional SKIPPING OPTIONAL DEPENDENCY: @esbuild/linux-s390x@0.21.5 (node_modules\esbuild\node_modules\@esbuild\linux-s390x):
npm WARN notsup SKIPPING OPTIONAL DEPENDENCY: Unsupported platform for @esbuild/linux-s390x@0.21.5: wanted {"os":"linux","arch":"s390x"} (current: {"os":"win32","arch":"x64"})
npm WARN optional SKIPPING OPTIONAL DEPENDENCY: @esbuild/linux-riscv64@0.21.5 (node_modules\esbuild\node_modules\@esbuild\linux-riscv64):
npm WARN notsup SKIPPING OPTIONAL DEPENDENCY: Unsupported platform for @esbuild/linux-riscv64@0.21.5: wanted {"os":"linux","arch":"riscv64"} (current: {"os":"win32","arch":"x64"})
npm WARN optional SKIPPING OPTIONAL DEPENDENCY: @esbuild/netbsd-x64@0.21.5 (node_modules\esbuild\node_modules\@esbuild\netbsd-x64):
npm WARN notsup SKIPPING OPTIONAL DEPENDENCY: Unsupported platform for @esbuild/netbsd-x64@0.21.5: wanted {"os":"netbsd","arch":"x64"} (current: {"os":"win32","arch":"x64"})
npm WARN optional SKIPPING OPTIONAL DEPENDENCY: @esbuild/openbsd-x64@0.21.5 (node_modules\esbuild\node_modules\@esbuild\openbsd-x64):
npm WARN notsup SKIPPING OPTIONAL DEPENDENCY: Unsupported platform for @esbuild/openbsd-x64@0.21.5: wanted {"os":"openbsd","arch":"x64"} (current: {"os":"win32","arch":"x64"})
npm WARN optional SKIPPING OPTIONAL DEPENDENCY: @esbuild/sunos-x64@0.21.5 (node_modules\esbuild\node_modules\@esbuild\sunos-x64):
npm WARN notsup SKIPPING OPTIONAL DEPENDENCY: Unsupported platform for @esbuild/sunos-x64@0.21.5: wanted {"os":"sunos","arch":"x64"} (current: {"os":"win32","arch":"x64"})
npm WARN optional SKIPPING OPTIONAL DEPENDENCY: @esbuild/win32-arm64@0.21.5 (node_modules\esbuild\node_modules\@esbuild\win32-arm64):
npm WARN notsup SKIPPING OPTIONAL DEPENDENCY: Unsupported platform for @esbuild/win32-arm64@0.21.5: wanted {"os":"win32","arch":"arm64"} (current: {"os":"win32","arch":"x64"})
npm WARN optional SKIPPING OPTIONAL DEPENDENCY: @esbuild/win32-ia32@0.21.5 (node_modules\esbuild\node_modules\@esbuild\win32-ia32):
npm WARN notsup SKIPPING OPTIONAL DEPENDENCY: Unsupported platform for @esbuild/win32-ia32@0.21.5: wanted {"os":"win32","arch":"ia32"} (current: {"os":"win32","arch":"x64"})
npm WARN optional SKIPPING OPTIONAL DEPENDENCY: @rollup/rollup-darwin-x64@4.64.0 (node_modules\rollup\node_modules\@rollup\rollup-darwin-x64):
npm WARN notsup SKIPPING OPTIONAL DEPENDENCY: Unsupported platform for @rollup/rollup-darwin-x64@4.64.0: wanted {"os":"darwin","arch":"x64"} (current: {"os":"win32","arch":"x64"})
npm WARN optional SKIPPING OPTIONAL DEPENDENCY: @rollup/rollup-openbsd-x64@4.64.0 (node_modules\rollup\node_modules\@rollup\rollup-openbsd-x64):
npm WARN notsup SKIPPING OPTIONAL DEPENDENCY: Unsupported platform for @rollup/rollup-openbsd-x64@4.64.0: wanted {"os":"openbsd","arch":"x64"} (current: {"os":"win32","arch":"x64"})
npm WARN optional SKIPPING OPTIONAL DEPENDENCY: @rollup/rollup-freebsd-x64@4.64.0 (node_modules\rollup\node_modules\@rollup\rollup-freebsd-x64):
npm WARN notsup SKIPPING OPTIONAL DEPENDENCY: Unsupported platform for @rollup/rollup-freebsd-x64@4.64.0: wanted {"os":"freebsd","arch":"x64"} (current: {"os":"win32","arch":"x64"})
npm WARN optional SKIPPING OPTIONAL DEPENDENCY: @rollup/rollup-darwin-arm64@4.64.0 (node_modules\rollup\node_modules\@rollup\rollup-darwin-arm64):
npm WARN notsup SKIPPING OPTIONAL DEPENDENCY: Unsupported platform for @rollup/rollup-darwin-arm64@4.64.0: wanted {"os":"darwin","arch":"arm64"} (current: {"os":"win32","arch":"x64"})
npm WARN notsup Unsupported engine for @napi-rs/lzma-linux-x64-gnu@1.5.1: wanted: {"node":"^22.20 || ^24.12 || >=25"} (current: {"node":"16.15.0","npm":"6.14.8"})
npm WARN notsup Not compatible with your version of node/npm: @napi-rs/lzma-linux-x64-gnu@1.5.1
npm WARN optional SKIPPING OPTIONAL DEPENDENCY: @napi-rs/lzma-linux-x64-gnu@1.5.1 (node_modules\rollup\node_modules\@napi-rs\lzma-linux-x64-gnu):
npm WARN notsup SKIPPING OPTIONAL DEPENDENCY: Unsupported platform for @napi-rs/lzma-linux-x64-gnu@1.5.1: wanted {"os":"linux","arch":"x64"} (current: {"os":"win32","arch":"x64"})
npm WARN optional SKIPPING OPTIONAL DEPENDENCY: @rollup/rollup-linux-x64-gnu@4.64.0 (node_modules\rollup\node_modules\@rollup\rollup-linux-x64-gnu):
npm WARN notsup SKIPPING OPTIONAL DEPENDENCY: Unsupported platform for @rollup/rollup-linux-x64-gnu@4.64.0: wanted {"os":"linux","arch":"x64"} (current: {"os":"win32","arch":"x64"})
npm WARN optional SKIPPING OPTIONAL DEPENDENCY: @rollup/rollup-android-arm64@4.64.0 (node_modules\rollup\node_modules\@rollup\rollup-android-arm64):
npm WARN notsup SKIPPING OPTIONAL DEPENDENCY: Unsupported platform for @rollup/rollup-android-arm64@4.64.0: wanted {"os":"android","arch":"arm64"} (current: {"os":"win32","arch":"x64"})
npm WARN optional SKIPPING OPTIONAL DEPENDENCY: @rollup/rollup-freebsd-arm64@4.64.0 (node_modules\rollup\node_modules\@rollup\rollup-freebsd-arm64):
npm WARN notsup SKIPPING OPTIONAL DEPENDENCY: Unsupported platform for @rollup/rollup-freebsd-arm64@4.64.0: wanted {"os":"freebsd","arch":"arm64"} (current: {"os":"win32","arch":"x64"})
npm WARN optional SKIPPING OPTIONAL DEPENDENCY: @rollup/rollup-linux-x64-musl@4.64.0 (node_modules\rollup\node_modules\@rollup\rollup-linux-x64-musl):
npm WARN notsup SKIPPING OPTIONAL DEPENDENCY: Unsupported platform for @rollup/rollup-linux-x64-musl@4.64.0: wanted {"os":"linux","arch":"x64"} (current: {"os":"win32","arch":"x64"})
npm WARN optional SKIPPING OPTIONAL DEPENDENCY: @rollup/rollup-linux-arm64-gnu@4.64.0 (node_modules\rollup\node_modules\@rollup\rollup-linux-arm64-gnu):
npm WARN notsup SKIPPING OPTIONAL DEPENDENCY: Unsupported platform for @rollup/rollup-linux-arm64-gnu@4.64.0: wanted {"os":"linux","arch":"arm64"} (current: {"os":"win32","arch":"x64"})
npm WARN optional SKIPPING OPTIONAL DEPENDENCY: @rollup/rollup-linux-ppc64-gnu@4.64.0 (node_modules\rollup\node_modules\@rollup\rollup-linux-ppc64-gnu):
npm WARN notsup SKIPPING OPTIONAL DEPENDENCY: Unsupported platform for @rollup/rollup-linux-ppc64-gnu@4.64.0: wanted {"os":"linux","arch":"ppc64"} (current: {"os":"win32","arch":"x64"})
npm WARN optional SKIPPING OPTIONAL DEPENDENCY: @rollup/rollup-linux-s390x-gnu@4.64.0 (node_modules\rollup\node_modules\@rollup\rollup-linux-s390x-gnu):
npm WARN notsup SKIPPING OPTIONAL DEPENDENCY: Unsupported platform for @rollup/rollup-linux-s390x-gnu@4.64.0: wanted {"os":"linux","arch":"s390x"} (current: {"os":"win32","arch":"x64"})
npm WARN optional SKIPPING OPTIONAL DEPENDENCY: @rollup/rollup-win32-ia32-msvc@4.64.0 (node_modules\rollup\node_modules\@rollup\rollup-win32-ia32-msvc):
npm WARN notsup SKIPPING OPTIONAL DEPENDENCY: Unsupported platform for @rollup/rollup-win32-ia32-msvc@4.64.0: wanted {"os":"win32","arch":"ia32"} (current: {"os":"win32","arch":"x64"})
npm WARN optional SKIPPING OPTIONAL DEPENDENCY: @rollup/rollup-android-arm-eabi@4.64.0 (node_modules\rollup\node_modules\@rollup\rollup-android-arm-eabi):
npm WARN notsup SKIPPING OPTIONAL DEPENDENCY: Unsupported platform for @rollup/rollup-android-arm-eabi@4.64.0: wanted {"os":"android","arch":"arm"} (current: {"os":"win32","arch":"x64"})
npm WARN optional SKIPPING OPTIONAL DEPENDENCY: @rollup/rollup-linux-arm64-musl@4.64.0 (node_modules\rollup\node_modules\@rollup\rollup-linux-arm64-musl):
npm WARN notsup SKIPPING OPTIONAL DEPENDENCY: Unsupported platform for @rollup/rollup-linux-arm64-musl@4.64.0: wanted {"os":"linux","arch":"arm64"} (current: {"os":"win32","arch":"x64"})
npm WARN optional SKIPPING OPTIONAL DEPENDENCY: @rollup/rollup-linux-ppc64-musl@4.64.0 (node_modules\rollup\node_modules\@rollup\rollup-linux-ppc64-musl):
npm WARN notsup SKIPPING OPTIONAL DEPENDENCY: Unsupported platform for @rollup/rollup-linux-ppc64-musl@4.64.0: wanted {"os":"linux","arch":"ppc64"} (current: {"os":"win32","arch":"x64"})
npm WARN optional SKIPPING OPTIONAL DEPENDENCY: @rollup/rollup-win32-arm64-msvc@4.64.0 (node_modules\rollup\node_modules\@rollup\rollup-win32-arm64-msvc):
npm WARN notsup SKIPPING OPTIONAL DEPENDENCY: Unsupported platform for @rollup/rollup-win32-arm64-msvc@4.64.0: wanted {"os":"win32","arch":"arm64"} (current: {"os":"win32","arch":"x64"})
npm WARN optional SKIPPING OPTIONAL DEPENDENCY: @rollup/rollup-linux-loong64-gnu@4.64.0 (node_modules\rollup\node_modules\@rollup\rollup-linux-loong64-gnu):
npm WARN notsup SKIPPING OPTIONAL DEPENDENCY: Unsupported platform for @rollup/rollup-linux-loong64-gnu@4.64.0: wanted {"os":"linux","arch":"loong64"} (current: {"os":"win32","arch":"x64"})
npm WARN optional SKIPPING OPTIONAL DEPENDENCY: @rollup/rollup-linux-riscv64-gnu@4.64.0 (node_modules\rollup\node_modules\@rollup\rollup-linux-riscv64-gnu):
npm WARN notsup SKIPPING OPTIONAL DEPENDENCY: Unsupported platform for @rollup/rollup-linux-riscv64-gnu@4.64.0: wanted {"os":"linux","arch":"riscv64"} (current: {"os":"win32","arch":"x64"})
npm WARN optional SKIPPING OPTIONAL DEPENDENCY: @rollup/rollup-linux-loong64-musl@4.64.0 (node_modules\rollup\node_modules\@rollup\rollup-linux-loong64-musl):
npm WARN notsup SKIPPING OPTIONAL DEPENDENCY: Unsupported platform for @rollup/rollup-linux-loong64-musl@4.64.0: wanted {"os":"linux","arch":"loong64"} (current: {"os":"win32","arch":"x64"})
npm WARN optional SKIPPING OPTIONAL DEPENDENCY: @rollup/rollup-openharmony-arm64@4.64.0 (node_modules\rollup\node_modules\@rollup\rollup-openharmony-arm64):
npm WARN notsup SKIPPING OPTIONAL DEPENDENCY: Unsupported platform for @rollup/rollup-openharmony-arm64@4.64.0: wanted {"os":"openharmony","arch":"arm64"} (current: {"os":"win32","arch":"x64"})
npm WARN optional SKIPPING OPTIONAL DEPENDENCY: @rollup/rollup-linux-riscv64-musl@4.64.0 (node_modules\rollup\node_modules\@rollup\rollup-linux-riscv64-musl):
npm WARN notsup SKIPPING OPTIONAL DEPENDENCY: Unsupported platform for @rollup/rollup-linux-riscv64-musl@4.64.0: wanted {"os":"linux","arch":"riscv64"} (current: {"os":"win32","arch":"x64"})
npm WARN optional SKIPPING OPTIONAL DEPENDENCY: @rollup/rollup-linux-arm-gnueabihf@4.64.0 (node_modules\rollup\node_modules\@rollup\rollup-linux-arm-gnueabihf):
npm WARN notsup SKIPPING OPTIONAL DEPENDENCY: Unsupported platform for @rollup/rollup-linux-arm-gnueabihf@4.64.0: wanted {"os":"linux","arch":"arm"} (current: {"os":"win32","arch":"x64"})
npm WARN optional SKIPPING OPTIONAL DEPENDENCY: @rollup/rollup-linux-arm-musleabihf@4.64.0 (node_modules\rollup\node_modules\@rollup\rollup-linux-arm-musleabihf):
npm WARN notsup SKIPPING OPTIONAL DEPENDENCY: Unsupported platform for @rollup/rollup-linux-arm-musleabihf@4.64.0: wanted {"os":"linux","arch":"arm"} (current: {"os":"win32","arch":"x64"})

added 146 packages from 172 contributors in 27.417s

d:\Git\OrderAPP>